python.exe : [32m2025-11-20 21:10:19.907[0m | [1mINFO    [0m | 
[36msrc.services.rate_limiter[0m:[36m__init__[0m:[36m144[0m - [1mRate limiter initialized[0m
At line:1 char:32
+ ... de\Magnus'; & 'c:\code\Magnus\venv\Scripts\python.exe' comprehensive_ ...
+                 ~~~~~~~~~~~~~~~~~~~~~~~~~~~~~~~~~~~~~~~~~~~~~~~~~~~~~~~~~
    + CategoryInfo          : NotSpecified: ([32m2025-11-20...initialized[0m:String) [], RemoteException
    + FullyQualifiedErrorId : NativeCommandError
 
INFO:src.services.connector_base:Initialized PositionsConnector (cache TTL: 60s)
INFO:src.services.positions_connector:Successfully logged in to Robinhood
INFO:src.services.connector_base:Initialized ConnectorRegistry
INFO:src.services.connector_base:Registered connector: positions
================================================================================
COMPREHENSIVE MAGNUS RESTORATION TEST SUITE
Started: 2025-11-20 21:10:19
================================================================================

### PHASE 1-2: Core Infrastructure ###
[PASS] Core DB: src.kalshi_db_manager.KalshiDBManager
[PASS] Core DB: src.zone_database_manager.ZoneDatabaseManager
[PASS] Services: src.services.robinhood_client.RobinhoodClient
[PASS] Services: src.services.connector_base.BaseConnector
Starting login process...
[PASS] Services: src.services.positions_connector.PositionsConnector
[PASS] Services: src.services.sync_log_service.SyncLogService
[PASS] Services: src.services.sync_status_service.SyncStatusService
[PASS] Services: src.services.rate_limiter.TokenBucket
[PASS] Services: src.services.rate_limiter.RateLimiter
[PASS] Services: src.services.config.ServiceConfig

### PHASE 3: AVA Core Components ###
[PASS] AVA Core: src.ava.nlp_handler.NaturalLanguageHandler
ERROR:src.ava.telegram_bot:python-telegram-bot not installed. Install: pip install python-telegram-bot
